// Jest Snapshot v1, https://goo.gl/fbAQLP

exports[`AddUser renders a snapshot properly 1`] = `
<form
  onSubmit={[Function]}
>
  <div
    className="field"
  >
    <input
      className="input is-large"
      name="username"
      placeholder="Enter a username required"
      required={true}
      type="text"
    />
    <div
      className="field"
    >
      <input
        className="input is-large"
        name="email"
        placeholder="Enter a username required"
        required={true}
        type="text"
      />
      <input
        className="button is-primary is-large is-fullwidth"
        type="submit"
        value="Submit"
      />
    </div>
  </div>
</form>
`;
